[33m[vite:css][postcss] @import must precede all other statements (besides @charset or empty @layer)
1  |  @import "tailwindcss";
2  |  @source "./src/**/*.{js,jsx,ts,tsx}";
3  |  @import url('https://fonts.googleapis.com/css2?family=IBM+Plex+Mono:wght@400;500;600&family=Inter:wght@400;500;600&di...
   |  ^^^^^^^^^^^^^^^^^^^^^^^^^^^^^^^^^^^^^^^^^^^^^^^^^^^^^^^^^^^^^^^^^^^^^^^^^^^^^^^^^^^^^^^^^^^^^^^^^^^^^^^^^^^^^^^^^^^^^^^^
4  |  
5  |  @theme {[39m
[33m[vite:css][postcss] @import must precede all other statements (besides @charset or empty @layer)
1  |  @import "tailwindcss";
2  |  @source "./src/**/*.{js,jsx,ts,tsx}";
3  |  @import url('https://fonts.googleapis.com/css2?family=IBM+Plex+Mono:wght@400;500;600&family=Inter:wght@400;500;600&di...
   |  ^^^^^^^^^^^^^^^^^^^^^^^^^^^^^^^^^^^^^^^^^^^^^^^^^^^^^^^^^^^^^^^^^^^^^^^^^^^^^^^^^^^^^^^^^^^^^^^^^^^^^^^^^^^^^^^^^^^^^^^^
4  |  
5  |  @theme {[39m
[2m8:43:20 pm[22m [31m[1m[vite][22m[39m [31mhttp proxy error: /api/health[39m
AggregateError [ECONNREFUSED]: 
    at internalConnectMultiple (node:net:1142:49)
    at afterConnectMultiple (node:net:1723:7)
[2m8:43:20 pm[22m [31m[1m[vite][22m[39m [31mhttp proxy error: /api/health[39m
AggregateError [ECONNREFUSED]: 
    at internalConnectMultiple (node:net:1142:49)
    at afterConnectMultiple (node:net:1723:7)
[2m8:43:24 pm[22m [31m[1m[vite][22m[39m [31mhttp proxy error: /api/health[39m
AggregateError [ECONNREFUSED]: 
    at internalConnectMultiple (node:net:1142:49)
    at afterConnectMultiple (node:net:1723:7)
[2m8:43:27 pm[22m [31m[1m[vite][22m[39m [31mhttp proxy error: /api/health[39m
AggregateError [ECONNREFUSED]: 
    at internalConnectMultiple (node:net:1142:49)
    at afterConnectMultiple (node:net:1723:7)
[2m8:43:30 pm[22m [31m[1m[vite][22m[39m [31mhttp proxy error: /api/health[39m
AggregateError [ECONNREFUSED]: 
    at internalConnectMultiple (node:net:1142:49)
    at afterConnectMultiple (node:net:1723:7)
[2m8:43:33 pm[22m [31m[1m[vite][22m[39m [31mhttp proxy error: /api/health[39m
AggregateError [ECONNREFUSED]: 
    at internalConnectMultiple (node:net:1142:49)
    at afterConnectMultiple (node:net:1723:7)
[2m8:43:36 pm[22m [31m[1m[vite][22m[39m [31mhttp proxy error: /api/health[39m
AggregateError [ECONNREFUSED]: 
    at internalConnectMultiple (node:net:1142:49)
    at afterConnectMultiple (node:net:1723:7)
[2m8:43:39 pm[22m [31m[1m[vite][22m[39m [31mhttp proxy error: /api/health[39m
AggregateError [ECONNREFUSED]: 
    at internalConnectMultiple (node:net:1142:49)
    at afterConnectMultiple (node:net:1723:7)
[2m8:43:42 pm[22m [31m[1m[vite][22m[39m [31mhttp proxy error: /api/health[39m
AggregateError [ECONNREFUSED]: 
    at internalConnectMultiple (node:net:1142:49)
    at afterConnectMultiple (node:net:1723:7)
[2m8:43:45 pm[22m [31m[1m[vite][22m[39m [31mhttp proxy error: /api/health[39m
AggregateError [ECONNREFUSED]: 
    at internalConnectMultiple (node:net:1142:49)
    at afterConnectMultiple (node:net:1723:7)
[33m[vite:css][postcss] @import must precede all other statements (besides @charset or empty @layer)
1  |  @import "tailwindcss";
2  |  @source "./src/**/*.{js,jsx,ts,tsx}";
3  |  @import url('https://fonts.googleapis.com/css2?family=IBM+Plex+Mono:wght@400;500;600&family=Inter:wght@400;500;600&di...
   |  ^^^^^^^^^^^^^^^^^^^^^^^^^^^^^^^^^^^^^^^^^^^^^^^^^^^^^^^^^^^^^^^^^^^^^^^^^^^^^^^^^^^^^^^^^^^^^^^^^^^^^^^^^^^^^^^^^^^^^^^^
4  |  
5  |  @theme {[39m
[2m8:47:54 pm[22m [31m[1m[vite][22m[39m [31mhttp proxy error: /api/health[39m
AggregateError [ECONNREFUSED]: 
    at internalConnectMultiple (node:net:1142:49)
    at afterConnectMultiple (node:net:1723:7)
[2m8:47:54 pm[22m [31m[1m[vite][22m[39m [31mhttp proxy error: /api/health[39m
AggregateError [ECONNREFUSED]: 
    at internalConnectMultiple (node:net:1142:49)
    at afterConnectMultiple (node:net:1723:7)
[2m8:47:57 pm[22m [31m[1m[vite][22m[39m [31mhttp proxy error: /api/health[39m
AggregateError [ECONNREFUSED]: 
    at internalConnectMultiple (node:net:1142:49)
    at afterConnectMultiple (node:net:1723:7)
[2m8:48:00 pm[22m [31m[1m[vite][22m[39m [31mhttp proxy error: /api/health[39m
AggregateError [ECONNREFUSED]: 
    at internalConnectMultiple (node:net:1142:49)
    at afterConnectMultiple (node:net:1723:7)
[2m8:48:03 pm[22m [31m[1m[vite][22m[39m [31mhttp proxy error: /api/health[39m
AggregateError [ECONNREFUSED]: 
    at internalConnectMultiple (node:net:1142:49)
    at afterConnectMultiple (node:net:1723:7)
[2m8:48:06 pm[22m [31m[1m[vite][22m[39m [31mhttp proxy error: /api/health[39m
AggregateError [ECONNREFUSED]: 
    at internalConnectMultiple (node:net:1142:49)
    at afterConnectMultiple (node:net:1723:7)
[2m8:48:09 pm[22m [31m[1m[vite][22m[39m [31mhttp proxy error: /api/health[39m
AggregateError [ECONNREFUSED]: 
    at internalConnectMultiple (node:net:1142:49)
    at afterConnectMultiple (node:net:1723:7)
[2m8:48:12 pm[22m [31m[1m[vite][22m[39m [31mhttp proxy error: /api/health[39m
AggregateError [ECONNREFUSED]: 
    at internalConnectMultiple (node:net:1142:49)
    at afterConnectMultiple (node:net:1723:7)
[2m9:00:42 pm[22m [31m[1m[vite][22m[39m [31mhttp proxy error: /api/health[39m
AggregateError [ECONNREFUSED]: 
    at internalConnectMultiple (node:net:1142:49)
    at afterConnectMultiple (node:net:1723:7)
[2m9:00:42 pm[22m [31m[1m[vite][22m[39m [31mhttp proxy error: /api/health[39m
AggregateError [ECONNREFUSED]: 
    at internalConnectMultiple (node:net:1142:49)
    at afterConnectMultiple (node:net:1723:7)
[2m9:00:42 pm[22m [31m[1m[vite][22m[39m [31mhttp proxy error: /api/health[39m
AggregateError [ECONNREFUSED]: 
    at internalConnectMultiple (node:net:1142:49)
    at afterConnectMultiple (node:net:1723:7)
[2m9:00:45 pm[22m [31m[1m[vite][22m[39m [31mhttp proxy error: /api/health[39m
AggregateError [ECONNREFUSED]: 
    at internalConnectMultiple (node:net:1142:49)
    at afterConnectMultiple (node:net:1723:7)
[2m9:00:46 pm[22m [31m[1m[vite][22m[39m [31mhttp proxy error: /api/health[39m
AggregateError [ECONNREFUSED]: 
    at internalConnectMultiple (node:net:1142:49)
    at afterConnectMultiple (node:net:1723:7)
[2m9:00:48 pm[22m [31m[1m[vite][22m[39m [31mhttp proxy error: /api/health[39m
AggregateError [ECONNREFUSED]: 
    at internalConnectMultiple (node:net:1142:49)
    at afterConnectMultiple (node:net:1723:7)
[2m9:00:49 pm[22m [31m[1m[vite][22m[39m [31mhttp proxy error: /api/health[39m
AggregateError [ECONNREFUSED]: 
    at internalConnectMultiple (node:net:1142:49)
    at afterConnectMultiple (node:net:1723:7)
[2m9:00:51 pm[22m [31m[1m[vite][22m[39m [31mhttp proxy error: /api/health[39m
AggregateError [ECONNREFUSED]: 
    at internalConnectMultiple (node:net:1142:49)
    at afterConnectMultiple (node:net:1723:7)
[2m9:00:52 pm[22m [31m[1m[vite][22m[39m [31mhttp proxy error: /api/health[39m
AggregateError [ECONNREFUSED]: 
    at internalConnectMultiple (node:net:1142:49)
    at afterConnectMultiple (node:net:1723:7)
[2m9:00:54 pm[22m [31m[1m[vite][22m[39m [31mhttp proxy error: /api/health[39m
AggregateError [ECONNREFUSED]: 
    at internalConnectMultiple (node:net:1142:49)
    at afterConnectMultiple (node:net:1723:7)
[2m9:00:55 pm[22m [31m[1m[vite][22m[39m [31mhttp proxy error: /api/health[39m
AggregateError [ECONNREFUSED]: 
    at internalConnectMultiple (node:net:1142:49)
    at afterConnectMultiple (node:net:1723:7)
[2m9:00:57 pm[22m [31m[1m[vite][22m[39m [31mhttp proxy error: /api/health[39m
AggregateError [ECONNREFUSED]: 
    at internalConnectMultiple (node:net:1142:49)
    at afterConnectMultiple (node:net:1723:7)
[2m9:00:58 pm[22m [31m[1m[vite][22m[39m [31mhttp proxy error: /api/health[39m
AggregateError [ECONNREFUSED]: 
    at internalConnectMultiple (node:net:1142:49)
    at afterConnectMultiple (node:net:1723:7)
[2m9:01:00 pm[22m [31m[1m[vite][22m[39m [31mhttp proxy error: /api/health[39m
AggregateError [ECONNREFUSED]: 
    at internalConnectMultiple (node:net:1142:49)
    at afterConnectMultiple (node:net:1723:7)
[2m9:01:01 pm[22m [31m[1m[vite][22m[39m [31mhttp proxy error: /api/health[39m
AggregateError [ECONNREFUSED]: 
    at internalConnectMultiple (node:net:1142:49)
    at afterConnectMultiple (node:net:1723:7)
[2m9:01:03 pm[22m [31m[1m[vite][22m[39m [31mhttp proxy error: /api/health[39m
AggregateError [ECONNREFUSED]: 
    at internalConnectMultiple (node:net:1142:49)
    at afterConnectMultiple (node:net:1723:7)
[2m9:01:04 pm[22m [31m[1m[vite][22m[39m [31mhttp proxy error: /api/health[39m
AggregateError [ECONNREFUSED]: 
    at internalConnectMultiple (node:net:1142:49)
    at afterConnectMultiple (node:net:1723:7)
[2m9:01:06 pm[22m [31m[1m[vite][22m[39m [31mhttp proxy error: /api/health[39m
AggregateError [ECONNREFUSED]: 
    at internalConnectMultiple (node:net:1142:49)
    at afterConnectMultiple (node:net:1723:7)
[2m9:01:07 pm[22m [31m[1m[vite][22m[39m [31mhttp proxy error: /api/health[39m
AggregateError [ECONNREFUSED]: 
    at internalConnectMultiple (node:net:1142:49)
    at afterConnectMultiple (node:net:1723:7)
[2m9:01:09 pm[22m [31m[1m[vite][22m[39m [31mhttp proxy error: /api/health[39m
AggregateError [ECONNREFUSED]: 
    at internalConnectMultiple (node:net:1142:49)
    at afterConnectMultiple (node:net:1723:7)
[2m9:01:10 pm[22m [31m[1m[vite][22m[39m [31mhttp proxy error: /api/health[39m
AggregateError [ECONNREFUSED]: 
    at internalConnectMultiple (node:net:1142:49)
    at afterConnectMultiple (node:net:1723:7)
[2m9:01:12 pm[22m [31m[1m[vite][22m[39m [31mhttp proxy error: /api/health[39m
AggregateError [ECONNREFUSED]: 
    at internalConnectMultiple (node:net:1142:49)
    at afterConnectMultiple (node:net:1723:7)
[2m9:01:13 pm[22m [31m[1m[vite][22m[39m [31mhttp proxy error: /api/health[39m
AggregateError [ECONNREFUSED]: 
    at internalConnectMultiple (node:net:1142:49)
    at afterConnectMultiple (node:net:1723:7)
[2m9:01:15 pm[22m [31m[1m[vite][22m[39m [31mhttp proxy error: /api/health[39m
AggregateError [ECONNREFUSED]: 
    at internalConnectMultiple (node:net:1142:49)
    at afterConnectMultiple (node:net:1723:7)
[2m9:01:16 pm[22m [31m[1m[vite][22m[39m [31mhttp proxy error: /api/health[39m
AggregateError [ECONNREFUSED]: 
    at internalConnectMultiple (node:net:1142:49)
    at afterConnectMultiple (node:net:1723:7)
[2m9:01:18 pm[22m [31m[1m[vite][22m[39m [31mhttp proxy error: /api/health[39m
AggregateError [ECONNREFUSED]: 
    at internalConnectMultiple (node:net:1142:49)
    at afterConnectMultiple (node:net:1723:7)
[2m9:01:19 pm[22m [31m[1m[vite][22m[39m [31mhttp proxy error: /api/health[39m
AggregateError [ECONNREFUSED]: 
    at internalConnectMultiple (node:net:1142:49)
    at afterConnectMultiple (node:net:1723:7)
[2m9:01:21 pm[22m [31m[1m[vite][22m[39m [31mhttp proxy error: /api/health[39m
AggregateError [ECONNREFUSED]: 
    at internalConnectMultiple (node:net:1142:49)
    at afterConnectMultiple (node:net:1723:7)
[2m9:01:22 pm[22m [31m[1m[vite][22m[39m [31mhttp proxy error: /api/health[39m
AggregateError [ECONNREFUSED]: 
    at internalConnectMultiple (node:net:1142:49)
    at afterConnectMultiple (node:net:1723:7)
[2m9:01:24 pm[22m [31m[1m[vite][22m[39m [31mhttp proxy error: /api/health[39m
AggregateError [ECONNREFUSED]: 
    at internalConnectMultiple (node:net:1142:49)
    at afterConnectMultiple (node:net:1723:7)
[2m9:01:25 pm[22m [31m[1m[vite][22m[39m [31mhttp proxy error: /api/health[39m
AggregateError [ECONNREFUSED]: 
    at internalConnectMultiple (node:net:1142:49)
    at afterConnectMultiple (node:net:1723:7)
[2m9:01:27 pm[22m [31m[1m[vite][22m[39m [31mhttp proxy error: /api/health[39m
AggregateError [ECONNREFUSED]: 
    at internalConnectMultiple (node:net:1142:49)
    at afterConnectMultiple (node:net:1723:7)
[2m9:01:28 pm[22m [31m[1m[vite][22m[39m [31mhttp proxy error: /api/health[39m
AggregateError [ECONNREFUSED]: 
    at internalConnectMultiple (node:net:1142:49)
    at afterConnectMultiple (node:net:1723:7)
[2m9:01:30 pm[22m [31m[1m[vite][22m[39m [31mhttp proxy error: /api/health[39m
AggregateError [ECONNREFUSED]: 
    at internalConnectMultiple (node:net:1142:49)
    at afterConnectMultiple (node:net:1723:7)
[2m9:01:31 pm[22m [31m[1m[vite][22m[39m [31mhttp proxy error: /api/health[39m
AggregateError [ECONNREFUSED]: 
    at internalConnectMultiple (node:net:1142:49)
    at afterConnectMultiple (node:net:1723:7)
[2m9:01:33 pm[22m [31m[1m[vite][22m[39m [31mhttp proxy error: /api/health[39m
AggregateError [ECONNREFUSED]: 
    at internalConnectMultiple (node:net:1142:49)
    at afterConnectMultiple (node:net:1723:7)
[2m9:01:34 pm[22m [31m[1m[vite][22m[39m [31mhttp proxy error: /api/health[39m
AggregateError [ECONNREFUSED]: 
    at internalConnectMultiple (node:net:1142:49)
    at afterConnectMultiple (node:net:1723:7)
[2m9:01:36 pm[22m [31m[1m[vite][22m[39m [31mhttp proxy error: /api/health[39m
AggregateError [ECONNREFUSED]: 
    at internalConnectMultiple (node:net:1142:49)
    at afterConnectMultiple (node:net:1723:7)
[2m9:01:37 pm[22m [31m[1m[vite][22m[39m [31mhttp proxy error: /api/health[39m
AggregateError [ECONNREFUSED]: 
    at internalConnectMultiple (node:net:1142:49)
    at afterConnectMultiple (node:net:1723:7)
[2m9:01:39 pm[22m [31m[1m[vite][22m[39m [31mhttp proxy error: /api/health[39m
AggregateError [ECONNREFUSED]: 
    at internalConnectMultiple (node:net:1142:49)
    at afterConnectMultiple (node:net:1723:7)
[2m9:01:40 pm[22m [31m[1m[vite][22m[39m [31mhttp proxy error: /api/health[39m
AggregateError [ECONNREFUSED]: 
    at internalConnectMultiple (node:net:1142:49)
    at afterConnectMultiple (node:net:1723:7)
[2m9:01:42 pm[22m [31m[1m[vite][22m[39m [31mhttp proxy error: /api/health[39m
AggregateError [ECONNREFUSED]: 
    at internalConnectMultiple (node:net:1142:49)
    at afterConnectMultiple (node:net:1723:7)
[2m9:01:45 pm[22m [31m[1m[vite][22m[39m [31mhttp proxy error: /api/health[39m
AggregateError [ECONNREFUSED]: 
    at internalConnectMultiple (node:net:1142:49)
    at afterConnectMultiple (node:net:1723:7)
[2m9:01:48 pm[22m [31m[1m[vite][22m[39m [31mhttp proxy error: /api/health[39m
AggregateError [ECONNREFUSED]: 
    at internalConnectMultiple (node:net:1142:49)
    at afterConnectMultiple (node:net:1723:7)
[2m9:01:51 pm[22m [31m[1m[vite][22m[39m [31mhttp proxy error: /api/health[39m
AggregateError [ECONNREFUSED]: 
    at internalConnectMultiple (node:net:1142:49)
    at afterConnectMultiple (node:net:1723:7)
[2m9:01:54 pm[22m [31m[1m[vite][22m[39m [31mhttp proxy error: /api/health[39m
AggregateError [ECONNREFUSED]: 
    at internalConnectMultiple (node:net:1142:49)
    at afterConnectMultiple (node:net:1723:7)
[2m9:01:57 pm[22m [31m[1m[vite][22m[39m [31mhttp proxy error: /api/health[39m
AggregateError [ECONNREFUSED]: 
    at internalConnectMultiple (node:net:1142:49)
    at afterConnectMultiple (node:net:1723:7)
[2m9:02:00 pm[22m [31m[1m[vite][22m[39m [31mhttp proxy error: /api/health[39m
AggregateError [ECONNREFUSED]: 
    at internalConnectMultiple (node:net:1142:49)
    at afterConnectMultiple (node:net:1723:7)
[2m9:02:03 pm[22m [31m[1m[vite][22m[39m [31mhttp proxy error: /api/health[39m
AggregateError [ECONNREFUSED]: 
    at internalConnectMultiple (node:net:1142:49)
    at afterConnectMultiple (node:net:1723:7)
[2m9:02:06 pm[22m [31m[1m[vite][22m[39m [31mhttp proxy error: /api/health[39m
AggregateError [ECONNREFUSED]: 
    at internalConnectMultiple (node:net:1142:49)
    at afterConnectMultiple (node:net:1723:7)
[2m9:02:09 pm[22m [31m[1m[vite][22m[39m [31mhttp proxy error: /api/health[39m
AggregateError [ECONNREFUSED]: 
    at internalConnectMultiple (node:net:1142:49)
    at afterConnectMultiple (node:net:1723:7)
[2m9:02:12 pm[22m [31m[1m[vite][22m[39m [31mhttp proxy error: /api/health[39m
AggregateError [ECONNREFUSED]: 
    at internalConnectMultiple (node:net:1142:49)
    at afterConnectMultiple (node:net:1723:7)
[2m9:02:15 pm[22m [31m[1m[vite][22m[39m [31mhttp proxy error: /api/health[39m
AggregateError [ECONNREFUSED]: 
    at internalConnectMultiple (node:net:1142:49)
    at afterConnectMultiple (node:net:1723:7)
[2m9:02:18 pm[22m [31m[1m[vite][22m[39m [31mhttp proxy error: /api/health[39m
AggregateError [ECONNREFUSED]: 
    at internalConnectMultiple (node:net:1142:49)
    at afterConnectMultiple (node:net:1723:7)
[2m9:02:21 pm[22m [31m[1m[vite][22m[39m [31mhttp proxy error: /api/health[39m
AggregateError [ECONNREFUSED]: 
    at internalConnectMultiple (node:net:1142:49)
    at afterConnectMultiple (node:net:1723:7)
[2m9:02:24 pm[22m [31m[1m[vite][22m[39m [31mhttp proxy error: /api/health[39m
AggregateError [ECONNREFUSED]: 
    at internalConnectMultiple (node:net:1142:49)
    at afterConnectMultiple (node:net:1723:7)
[2m9:02:27 pm[22m [31m[1m[vite][22m[39m [31mhttp proxy error: /api/health[39m
AggregateError [ECONNREFUSED]: 
    at internalConnectMultiple (node:net:1142:49)
    at afterConnectMultiple (node:net:1723:7)
[2m9:02:27 pm[22m [31m[1m[vite][22m[39m [31mhttp proxy error: /api/health[39m
AggregateError [ECONNREFUSED]: 
    at internalConnectMultiple (node:net:1142:49)
    at afterConnectMultiple (node:net:1723:7)
[2m9:02:30 pm[22m [31m[1m[vite][22m[39m [31mhttp proxy error: /api/health[39m
AggregateError [ECONNREFUSED]: 
    at internalConnectMultiple (node:net:1142:49)
    at afterConnectMultiple (node:net:1723:7)
[2m9:02:33 pm[22m [31m[1m[vite][22m[39m [31mhttp proxy error: /api/health[39m
AggregateError [ECONNREFUSED]: 
    at internalConnectMultiple (node:net:1142:49)
    at afterConnectMultiple (node:net:1723:7)
[2m9:02:36 pm[22m [31m[1m[vite][22m[39m [31mhttp proxy error: /api/health[39m
AggregateError [ECONNREFUSED]: 
    at internalConnectMultiple (node:net:1142:49)
    at afterConnectMultiple (node:net:1723:7)
[2m9:02:39 pm[22m [31m[1m[vite][22m[39m [31mhttp proxy error: /api/health[39m
AggregateError [ECONNREFUSED]: 
    at internalConnectMultiple (node:net:1142:49)
    at afterConnectMultiple (node:net:1723:7)
[2m9:02:42 pm[22m [31m[1m[vite][22m[39m [31mhttp proxy error: /api/health[39m
AggregateError [ECONNREFUSED]: 
    at internalConnectMultiple (node:net:1142:49)
    at afterConnectMultiple (node:net:1723:7)
[2m9:02:45 pm[22m [31m[1m[vite][22m[39m [31mhttp proxy error: /api/health[39m
AggregateError [ECONNREFUSED]: 
    at internalConnectMultiple (node:net:1142:49)
    at afterConnectMultiple (node:net:1723:7)
[2m9:02:48 pm[22m [31m[1m[vite][22m[39m [31mhttp proxy error: /api/health[39m
AggregateError [ECONNREFUSED]: 
    at internalConnectMultiple (node:net:1142:49)
    at afterConnectMultiple (node:net:1723:7)
[2m9:02:51 pm[22m [31m[1m[vite][22m[39m [31mhttp proxy error: /api/health[39m
AggregateError [ECONNREFUSED]: 
    at internalConnectMultiple (node:net:1142:49)
    at afterConnectMultiple (node:net:1723:7)
[2m9:02:54 pm[22m [31m[1m[vite][22m[39m [31mhttp proxy error: /api/health[39m
AggregateError [ECONNREFUSED]: 
    at internalConnectMultiple (node:net:1142:49)
    at afterConnectMultiple (node:net:1723:7)
[2m9:02:57 pm[22m [31m[1m[vite][22m[39m [31mhttp proxy error: /api/health[39m
AggregateError [ECONNREFUSED]: 
    at internalConnectMultiple (node:net:1142:49)
    at afterConnectMultiple (node:net:1723:7)
[2m9:03:00 pm[22m [31m[1m[vite][22m[39m [31mhttp proxy error: /api/health[39m
AggregateError [ECONNREFUSED]: 
    at internalConnectMultiple (node:net:1142:49)
    at afterConnectMultiple (node:net:1723:7)
[2m9:03:03 pm[22m [31m[1m[vite][22m[39m [31mhttp proxy error: /api/health[39m
AggregateError [ECONNREFUSED]: 
    at internalConnectMultiple (node:net:1142:49)
    at afterConnectMultiple (node:net:1723:7)
[2m9:03:06 pm[22m [31m[1m[vite][22m[39m [31mhttp proxy error: /api/health[39m
AggregateError [ECONNREFUSED]: 
    at internalConnectMultiple (node:net:1142:49)
    at afterConnectMultiple (node:net:1723:7)
[2m9:03:09 pm[22m [31m[1m[vite][22m[39m [31mhttp proxy error: /api/health[39m
AggregateError [ECONNREFUSED]: 
    at internalConnectMultiple (node:net:1142:49)
    at afterConnectMultiple (node:net:1723:7)
[2m9:03:12 pm[22m [31m[1m[vite][22m[39m [31mhttp proxy error: /api/health[39m
AggregateError [ECONNREFUSED]: 
    at internalConnectMultiple (node:net:1142:49)
    at afterConnectMultiple (node:net:1723:7)
[2m9:03:15 pm[22m [31m[1m[vite][22m[39m [31mhttp proxy error: /api/health[39m
AggregateError [ECONNREFUSED]: 
    at internalConnectMultiple (node:net:1142:49)
    at afterConnectMultiple (node:net:1723:7)
[2m9:03:18 pm[22m [31m[1m[vite][22m[39m [31mhttp proxy error: /api/health[39m
AggregateError [ECONNREFUSED]: 
    at internalConnectMultiple (node:net:1142:49)
    at afterConnectMultiple (node:net:1723:7)
[2m9:03:21 pm[22m [31m[1m[vite][22m[39m [31mhttp proxy error: /api/health[39m
AggregateError [ECONNREFUSED]: 
    at internalConnectMultiple (node:net:1142:49)
    at afterConnectMultiple (node:net:1723:7)
[2m9:03:24 pm[22m [31m[1m[vite][22m[39m [31mhttp proxy error: /api/health[39m
AggregateError [ECONNREFUSED]: 
    at internalConnectMultiple (node:net:1142:49)
    at afterConnectMultiple (node:net:1723:7)
[2m9:03:27 pm[22m [31m[1m[vite][22m[39m [31mhttp proxy error: /api/health[39m
AggregateError [ECONNREFUSED]: 
    at internalConnectMultiple (node:net:1142:49)
    at afterConnectMultiple (node:net:1723:7)
[2m9:03:27 pm[22m [31m[1m[vite][22m[39m [31mhttp proxy error: /api/health[39m
AggregateError [ECONNREFUSED]: 
    at internalConnectMultiple (node:net:1142:49)
    at afterConnectMultiple (node:net:1723:7)
[2m9:03:30 pm[22m [31m[1m[vite][22m[39m [31mhttp proxy error: /api/health[39m
AggregateError [ECONNREFUSED]: 
    at internalConnectMultiple (node:net:1142:49)
    at afterConnectMultiple (node:net:1723:7)
[2m9:03:33 pm[22m [31m[1m[vite][22m[39m [31mhttp proxy error: /api/health[39m
AggregateError [ECONNREFUSED]: 
    at internalConnectMultiple (node:net:1142:49)
    at afterConnectMultiple (node:net:1723:7)
[2m9:03:36 pm[22m [31m[1m[vite][22m[39m [31mhttp proxy error: /api/health[39m
AggregateError [ECONNREFUSED]: 
    at internalConnectMultiple (node:net:1142:49)
    at afterConnectMultiple (node:net:1723:7)
[2m9:03:39 pm[22m [31m[1m[vite][22m[39m [31mhttp proxy error: /api/health[39m
AggregateError [ECONNREFUSED]: 
    at internalConnectMultiple (node:net:1142:49)
    at afterConnectMultiple (node:net:1723:7)
[2m9:03:42 pm[22m [31m[1m[vite][22m[39m [31mhttp proxy error: /api/health[39m
AggregateError [ECONNREFUSED]: 
    at internalConnectMultiple (node:net:1142:49)
    at afterConnectMultiple (node:net:1723:7)
[2m9:03:45 pm[22m [31m[1m[vite][22m[39m [31mhttp proxy error: /api/health[39m
AggregateError [ECONNREFUSED]: 
    at internalConnectMultiple (node:net:1142:49)
    at afterConnectMultiple (node:net:1723:7)
[2m9:03:48 pm[22m [31m[1m[vite][22m[39m [31mhttp proxy error: /api/health[39m
AggregateError [ECONNREFUSED]: 
    at internalConnectMultiple (node:net:1142:49)
    at afterConnectMultiple (node:net:1723:7)
[2m9:03:51 pm[22m [31m[1m[vite][22m[39m [31mhttp proxy error: /api/health[39m
AggregateError [ECONNREFUSED]: 
    at internalConnectMultiple (node:net:1142:49)
    at afterConnectMultiple (node:net:1723:7)
[2m9:03:54 pm[22m [31m[1m[vite][22m[39m [31mhttp proxy error: /api/health[39m
AggregateError [ECONNREFUSED]: 
    at internalConnectMultiple (node:net:1142:49)
    at afterConnectMultiple (node:net:1723:7)
[2m9:03:57 pm[22m [31m[1m[vite][22m[39m [31mhttp proxy error: /api/health[39m
AggregateError [ECONNREFUSED]: 
    at internalConnectMultiple (node:net:1142:49)
    at afterConnectMultiple (node:net:1723:7)
[2m9:04:00 pm[22m [31m[1m[vite][22m[39m [31mhttp proxy error: /api/health[39m
AggregateError [ECONNREFUSED]: 
    at internalConnectMultiple (node:net:1142:49)
    at afterConnectMultiple (node:net:1723:7)
[2m9:04:03 pm[22m [31m[1m[vite][22m[39m [31mhttp proxy error: /api/health[39m
AggregateError [ECONNREFUSED]: 
    at internalConnectMultiple (node:net:1142:49)
    at afterConnectMultiple (node:net:1723:7)
[2m9:04:06 pm[22m [31m[1m[vite][22m[39m [31mhttp proxy error: /api/health[39m
AggregateError [ECONNREFUSED]: 
    at internalConnectMultiple (node:net:1142:49)
    at afterConnectMultiple (node:net:1723:7)
[2m9:04:09 pm[22m [31m[1m[vite][22m[39m [31mhttp proxy error: /api/health[39m
AggregateError [ECONNREFUSED]: 
    at internalConnectMultiple (node:net:1142:49)
    at afterConnectMultiple (node:net:1723:7)
[2m9:04:12 pm[22m [31m[1m[vite][22m[39m [31mhttp proxy error: /api/health[39m
AggregateError [ECONNREFUSED]: 
    at internalConnectMultiple (node:net:1142:49)
    at afterConnectMultiple (node:net:1723:7)
[2m9:04:15 pm[22m [31m[1m[vite][22m[39m [31mhttp proxy error: /api/health[39m
AggregateError [ECONNREFUSED]: 
    at internalConnectMultiple (node:net:1142:49)
    at afterConnectMultiple (node:net:1723:7)
[2m9:04:18 pm[22m [31m[1m[vite][22m[39m [31mhttp proxy error: /api/health[39m
AggregateError [ECONNREFUSED]: 
    at internalConnectMultiple (node:net:1142:49)
    at afterConnectMultiple (node:net:1723:7)
[2m9:04:21 pm[22m [31m[1m[vite][22m[39m [31mhttp proxy error: /api/health[39m
AggregateError [ECONNREFUSED]: 
    at internalConnectMultiple (node:net:1142:49)
    at afterConnectMultiple (node:net:1723:7)
[2m9:04:24 pm[22m [31m[1m[vite][22m[39m [31mhttp proxy error: /api/health[39m
AggregateError [ECONNREFUSED]: 
    at internalConnectMultiple (node:net:1142:49)
    at afterConnectMultiple (node:net:1723:7)
[2m9:04:27 pm[22m [31m[1m[vite][22m[39m [31mhttp proxy error: /api/health[39m
AggregateError [ECONNREFUSED]: 
    at internalConnectMultiple (node:net:1142:49)
    at afterConnectMultiple (node:net:1723:7)
[2m9:04:27 pm[22m [31m[1m[vite][22m[39m [31mhttp proxy error: /api/health[39m
AggregateError [ECONNREFUSED]: 
    at internalConnectMultiple (node:net:1142:49)
    at afterConnectMultiple (node:net:1723:7)
[2m9:04:30 pm[22m [31m[1m[vite][22m[39m [31mhttp proxy error: /api/health[39m
AggregateError [ECONNREFUSED]: 
    at internalConnectMultiple (node:net:1142:49)
    at afterConnectMultiple (node:net:1723:7)
[2m9:04:33 pm[22m [31m[1m[vite][22m[39m [31mhttp proxy error: /api/health[39m
AggregateError [ECONNREFUSED]: 
    at internalConnectMultiple (node:net:1142:49)
    at afterConnectMultiple (node:net:1723:7)
[2m9:04:36 pm[22m [31m[1m[vite][22m[39m [31mhttp proxy error: /api/health[39m
AggregateError [ECONNREFUSED]: 
    at internalConnectMultiple (node:net:1142:49)
    at afterConnectMultiple (node:net:1723:7)
[2m9:04:39 pm[22m [31m[1m[vite][22m[39m [31mhttp proxy error: /api/health[39m
AggregateError [ECONNREFUSED]: 
    at internalConnectMultiple (node:net:1142:49)
    at afterConnectMultiple (node:net:1723:7)
[2m9:04:42 pm[22m [31m[1m[vite][22m[39m [31mhttp proxy error: /api/health[39m
AggregateError [ECONNREFUSED]: 
    at internalConnectMultiple (node:net:1142:49)
    at afterConnectMultiple (node:net:1723:7)
[2m9:04:45 pm[22m [31m[1m[vite][22m[39m [31mhttp proxy error: /api/health[39m
AggregateError [ECONNREFUSED]: 
    at internalConnectMultiple (node:net:1142:49)
    at afterConnectMultiple (node:net:1723:7)
[2m9:04:48 pm[22m [31m[1m[vite][22m[39m [31mhttp proxy error: /api/health[39m
AggregateError [ECONNREFUSED]: 
    at internalConnectMultiple (node:net:1142:49)
    at afterConnectMultiple (node:net:1723:7)
[2m9:04:51 pm[22m [31m[1m[vite][22m[39m [31mhttp proxy error: /api/health[39m
AggregateError [ECONNREFUSED]: 
    at internalConnectMultiple (node:net:1142:49)
    at afterConnectMultiple (node:net:1723:7)
[2m9:04:54 pm[22m [31m[1m[vite][22m[39m [31mhttp proxy error: /api/health[39m
AggregateError [ECONNREFUSED]: 
    at internalConnectMultiple (node:net:1142:49)
    at afterConnectMultiple (node:net:1723:7)
[2m9:04:57 pm[22m [31m[1m[vite][22m[39m [31mhttp proxy error: /api/health[39m
AggregateError [ECONNREFUSED]: 
    at internalConnectMultiple (node:net:1142:49)
    at afterConnectMultiple (node:net:1723:7)
[2m9:05:00 pm[22m [31m[1m[vite][22m[39m [31mhttp proxy error: /api/health[39m
AggregateError [ECONNREFUSED]: 
    at internalConnectMultiple (node:net:1142:49)
    at afterConnectMultiple (node:net:1723:7)
[2m9:05:03 pm[22m [31m[1m[vite][22m[39m [31mhttp proxy error: /api/health[39m
AggregateError [ECONNREFUSED]: 
    at internalConnectMultiple (node:net:1142:49)
    at afterConnectMultiple (node:net:1723:7)
[2m9:05:06 pm[22m [31m[1m[vite][22m[39m [31mhttp proxy error: /api/health[39m
AggregateError [ECONNREFUSED]: 
    at internalConnectMultiple (node:net:1142:49)
    at afterConnectMultiple (node:net:1723:7)
[2m9:05:09 pm[22m [31m[1m[vite][22m[39m [31mhttp proxy error: /api/health[39m
AggregateError [ECONNREFUSED]: 
    at internalConnectMultiple (node:net:1142:49)
    at afterConnectMultiple (node:net:1723:7)
[2m9:05:12 pm[22m [31m[1m[vite][22m[39m [31mhttp proxy error: /api/health[39m
AggregateError [ECONNREFUSED]: 
    at internalConnectMultiple (node:net:1142:49)
    at afterConnectMultiple (node:net:1723:7)
[2m9:05:15 pm[22m [31m[1m[vite][22m[39m [31mhttp proxy error: /api/health[39m
AggregateError [ECONNREFUSED]: 
    at internalConnectMultiple (node:net:1142:49)
    at afterConnectMultiple (node:net:1723:7)
[2m9:05:18 pm[22m [31m[1m[vite][22m[39m [31mhttp proxy error: /api/health[39m
AggregateError [ECONNREFUSED]: 
    at internalConnectMultiple (node:net:1142:49)
    at afterConnectMultiple (node:net:1723:7)
[2m9:05:21 pm[22m [31m[1m[vite][22m[39m [31mhttp proxy error: /api/health[39m
AggregateError [ECONNREFUSED]: 
    at internalConnectMultiple (node:net:1142:49)
    at afterConnectMultiple (node:net:1723:7)
[2m9:05:24 pm[22m [31m[1m[vite][22m[39m [31mhttp proxy error: /api/health[39m
AggregateError [ECONNREFUSED]: 
    at internalConnectMultiple (node:net:1142:49)
    at afterConnectMultiple (node:net:1723:7)
[2m9:05:27 pm[22m [31m[1m[vite][22m[39m [31mhttp proxy error: /api/health[39m
AggregateError [ECONNREFUSED]: 
    at internalConnectMultiple (node:net:1142:49)
    at afterConnectMultiple (node:net:1723:7)
[2m9:05:27 pm[22m [31m[1m[vite][22m[39m [31mhttp proxy error: /api/health[39m
AggregateError [ECONNREFUSED]: 
    at internalConnectMultiple (node:net:1142:49)
    at afterConnectMultiple (node:net:1723:7)
[2m9:05:30 pm[22m [31m[1m[vite][22m[39m [31mhttp proxy error: /api/health[39m
AggregateError [ECONNREFUSED]: 
    at internalConnectMultiple (node:net:1142:49)
    at afterConnectMultiple (node:net:1723:7)
[2m9:05:33 pm[22m [31m[1m[vite][22m[39m [31mhttp proxy error: /api/health[39m
AggregateError [ECONNREFUSED]: 
    at internalConnectMultiple (node:net:1142:49)
    at afterConnectMultiple (node:net:1723:7)
[2m9:05:36 pm[22m [31m[1m[vite][22m[39m [31mhttp proxy error: /api/health[39m
AggregateError [ECONNREFUSED]: 
    at internalConnectMultiple (node:net:1142:49)
    at afterConnectMultiple (node:net:1723:7)
[2m9:05:39 pm[22m [31m[1m[vite][22m[39m [31mhttp proxy error: /api/health[39m
AggregateError [ECONNREFUSED]: 
    at internalConnectMultiple (node:net:1142:49)
    at afterConnectMultiple (node:net:1723:7)
[2m9:05:42 pm[22m [31m[1m[vite][22m[39m [31mhttp proxy error: /api/health[39m
AggregateError [ECONNREFUSED]: 
    at internalConnectMultiple (node:net:1142:49)
    at afterConnectMultiple (node:net:1723:7)
[2m9:05:45 pm[22m [31m[1m[vite][22m[39m [31mhttp proxy error: /api/health[39m
AggregateError [ECONNREFUSED]: 
    at internalConnectMultiple (node:net:1142:49)
    at afterConnectMultiple (node:net:1723:7)
[2m9:05:48 pm[22m [31m[1m[vite][22m[39m [31mhttp proxy error: /api/health[39m
AggregateError [ECONNREFUSED]: 
    at internalConnectMultiple (node:net:1142:49)
    at afterConnectMultiple (node:net:1723:7)
[2m9:05:51 pm[22m [31m[1m[vite][22m[39m [31mhttp proxy error: /api/health[39m
AggregateError [ECONNREFUSED]: 
    at internalConnectMultiple (node:net:1142:49)
    at afterConnectMultiple (node:net:1723:7)
[2m9:05:54 pm[22m [31m[1m[vite][22m[39m [31mhttp proxy error: /api/health[39m
AggregateError [ECONNREFUSED]: 
    at internalConnectMultiple (node:net:1142:49)
    at afterConnectMultiple (node:net:1723:7)
[2m9:05:57 pm[22m [31m[1m[vite][22m[39m [31mhttp proxy error: /api/health[39m
AggregateError [ECONNREFUSED]: 
    at internalConnectMultiple (node:net:1142:49)
    at afterConnectMultiple (node:net:1723:7)
[2m9:06:00 pm[22m [31m[1m[vite][22m[39m [31mhttp proxy error: /api/health[39m
AggregateError [ECONNREFUSED]: 
    at internalConnectMultiple (node:net:1142:49)
    at afterConnectMultiple (node:net:1723:7)
[2m9:06:03 pm[22m [31m[1m[vite][22m[39m [31mhttp proxy error: /api/health[39m
AggregateError [ECONNREFUSED]: 
    at internalConnectMultiple (node:net:1142:49)
    at afterConnectMultiple (node:net:1723:7)
[2m9:06:06 pm[22m [31m[1m[vite][22m[39m [31mhttp proxy error: /api/health[39m
AggregateError [ECONNREFUSED]: 
    at internalConnectMultiple (node:net:1142:49)
    at afterConnectMultiple (node:net:1723:7)
[2m9:06:09 pm[22m [31m[1m[vite][22m[39m [31mhttp proxy error: /api/health[39m
AggregateError [ECONNREFUSED]: 
    at internalConnectMultiple (node:net:1142:49)
    at afterConnectMultiple (node:net:1723:7)
[2m9:06:12 pm[22m [31m[1m[vite][22m[39m [31mhttp proxy error: /api/health[39m
AggregateError [ECONNREFUSED]: 
    at internalConnectMultiple (node:net:1142:49)
    at afterConnectMultiple (node:net:1723:7)
[2m9:06:15 pm[22m [31m[1m[vite][22m[39m [31mhttp proxy error: /api/health[39m
AggregateError [ECONNREFUSED]: 
    at internalConnectMultiple (node:net:1142:49)
    at afterConnectMultiple (node:net:1723:7)
[2m9:06:18 pm[22m [31m[1m[vite][22m[39m [31mhttp proxy error: /api/health[39m
AggregateError [ECONNREFUSED]: 
    at internalConnectMultiple (node:net:1142:49)
    at afterConnectMultiple (node:net:1723:7)
[2m9:06:21 pm[22m [31m[1m[vite][22m[39m [31mhttp proxy error: /api/health[39m
AggregateError [ECONNREFUSED]: 
    at internalConnectMultiple (node:net:1142:49)
    at afterConnectMultiple (node:net:1723:7)
[2m9:06:24 pm[22m [31m[1m[vite][22m[39m [31mhttp proxy error: /api/health[39m
AggregateError [ECONNREFUSED]: 
    at internalConnectMultiple (node:net:1142:49)
    at afterConnectMultiple (node:net:1723:7)
[2m9:06:27 pm[22m [31m[1m[vite][22m[39m [31mhttp proxy error: /api/health[39m
AggregateError [ECONNREFUSED]: 
    at internalConnectMultiple (node:net:1142:49)
    at afterConnectMultiple (node:net:1723:7)
[2m9:06:27 pm[22m [31m[1m[vite][22m[39m [31mhttp proxy error: /api/health[39m
AggregateError [ECONNREFUSED]: 
    at internalConnectMultiple (node:net:1142:49)
    at afterConnectMultiple (node:net:1723:7)
[2m9:06:30 pm[22m [31m[1m[vite][22m[39m [31mhttp proxy error: /api/health[39m
AggregateError [ECONNREFUSED]: 
    at internalConnectMultiple (node:net:1142:49)
    at afterConnectMultiple (node:net:1723:7)
[2m9:06:33 pm[22m [31m[1m[vite][22m[39m [31mhttp proxy error: /api/health[39m
AggregateError [ECONNREFUSED]: 
    at internalConnectMultiple (node:net:1142:49)
    at afterConnectMultiple (node:net:1723:7)
[2m9:06:36 pm[22m [31m[1m[vite][22m[39m [31mhttp proxy error: /api/health[39m
AggregateError [ECONNREFUSED]: 
    at internalConnectMultiple (node:net:1142:49)
    at afterConnectMultiple (node:net:1723:7)
[2m9:06:39 pm[22m [31m[1m[vite][22m[39m [31mhttp proxy error: /api/health[39m
AggregateError [ECONNREFUSED]: 
    at internalConnectMultiple (node:net:1142:49)
    at afterConnectMultiple (node:net:1723:7)
[2m9:06:42 pm[22m [31m[1m[vite][22m[39m [31mhttp proxy error: /api/health[39m
AggregateError [ECONNREFUSED]: 
    at internalConnectMultiple (node:net:1142:49)
    at afterConnectMultiple (node:net:1723:7)
[2m9:06:45 pm[22m [31m[1m[vite][22m[39m [31mhttp proxy error: /api/health[39m
AggregateError [ECONNREFUSED]: 
    at internalConnectMultiple (node:net:1142:49)
    at afterConnectMultiple (node:net:1723:7)
[2m9:06:48 pm[22m [31m[1m[vite][22m[39m [31mhttp proxy error: /api/health[39m
AggregateError [ECONNREFUSED]: 
    at internalConnectMultiple (node:net:1142:49)
    at afterConnectMultiple (node:net:1723:7)
[2m9:06:51 pm[22m [31m[1m[vite][22m[39m [31mhttp proxy error: /api/health[39m
AggregateError [ECONNREFUSED]: 
    at internalConnectMultiple (node:net:1142:49)
    at afterConnectMultiple (node:net:1723:7)
[2m9:06:54 pm[22m [31m[1m[vite][22m[39m [31mhttp proxy error: /api/health[39m
AggregateError [ECONNREFUSED]: 
    at internalConnectMultiple (node:net:1142:49)
    at afterConnectMultiple (node:net:1723:7)
[2m9:06:57 pm[22m [31m[1m[vite][22m[39m [31mhttp proxy error: /api/health[39m
AggregateError [ECONNREFUSED]: 
    at internalConnectMultiple (node:net:1142:49)
    at afterConnectMultiple (node:net:1723:7)
[2m9:07:00 pm[22m [31m[1m[vite][22m[39m [31mhttp proxy error: /api/health[39m
AggregateError [ECONNREFUSED]: 
    at internalConnectMultiple (node:net:1142:49)
    at afterConnectMultiple (node:net:1723:7)
[2m9:07:03 pm[22m [31m[1m[vite][22m[39m [31mhttp proxy error: /api/health[39m
AggregateError [ECONNREFUSED]: 
    at internalConnectMultiple (node:net:1142:49)
    at afterConnectMultiple (node:net:1723:7)
[2m9:07:06 pm[22m [31m[1m[vite][22m[39m [31mhttp proxy error: /api/health[39m
AggregateError [ECONNREFUSED]: 
    at internalConnectMultiple (node:net:1142:49)
    at afterConnectMultiple (node:net:1723:7)
[2m9:07:09 pm[22m [31m[1m[vite][22m[39m [31mhttp proxy error: /api/health[39m
AggregateError [ECONNREFUSED]: 
    at internalConnectMultiple (node:net:1142:49)
    at afterConnectMultiple (node:net:1723:7)
[2m9:07:12 pm[22m [31m[1m[vite][22m[39m [31mhttp proxy error: /api/health[39m
AggregateError [ECONNREFUSED]: 
    at internalConnectMultiple (node:net:1142:49)
    at afterConnectMultiple (node:net:1723:7)
[2m9:07:15 pm[22m [31m[1m[vite][22m[39m [31mhttp proxy error: /api/health[39m
AggregateError [ECONNREFUSED]: 
    at internalConnectMultiple (node:net:1142:49)
    at afterConnectMultiple (node:net:1723:7)
[2m9:07:18 pm[22m [31m[1m[vite][22m[39m [31mhttp proxy error: /api/health[39m
AggregateError [ECONNREFUSED]: 
    at internalConnectMultiple (node:net:1142:49)
    at afterConnectMultiple (node:net:1723:7)
[2m9:07:21 pm[22m [31m[1m[vite][22m[39m [31mhttp proxy error: /api/health[39m
AggregateError [ECONNREFUSED]: 
    at internalConnectMultiple (node:net:1142:49)
    at afterConnectMultiple (node:net:1723:7)
[2m9:07:24 pm[22m [31m[1m[vite][22m[39m [31mhttp proxy error: /api/health[39m
AggregateError [ECONNREFUSED]: 
    at internalConnectMultiple (node:net:1142:49)
    at afterConnectMultiple (node:net:1723:7)
[2m9:07:27 pm[22m [31m[1m[vite][22m[39m [31mhttp proxy error: /api/health[39m
AggregateError [ECONNREFUSED]: 
    at internalConnectMultiple (node:net:1142:49)
    at afterConnectMultiple (node:net:1723:7)
[2m9:07:27 pm[22m [31m[1m[vite][22m[39m [31mhttp proxy error: /api/health[39m
AggregateError [ECONNREFUSED]: 
    at internalConnectMultiple (node:net:1142:49)
    at afterConnectMultiple (node:net:1723:7)
[2m9:07:30 pm[22m [31m[1m[vite][22m[39m [31mhttp proxy error: /api/health[39m
AggregateError [ECONNREFUSED]: 
    at internalConnectMultiple (node:net:1142:49)
    at afterConnectMultiple (node:net:1723:7)
[2m9:07:33 pm[22m [31m[1m[vite][22m[39m [31mhttp proxy error: /api/health[39m
AggregateError [ECONNREFUSED]: 
    at internalConnectMultiple (node:net:1142:49)
    at afterConnectMultiple (node:net:1723:7)
[2m9:07:36 pm[22m [31m[1m[vite][22m[39m [31mhttp proxy error: /api/health[39m
AggregateError [ECONNREFUSED]: 
    at internalConnectMultiple (node:net:1142:49)
    at afterConnectMultiple (node:net:1723:7)
[2m9:07:39 pm[22m [31m[1m[vite][22m[39m [31mhttp proxy error: /api/health[39m
AggregateError [ECONNREFUSED]: 
    at internalConnectMultiple (node:net:1142:49)
    at afterConnectMultiple (node:net:1723:7)
[2m9:07:42 pm[22m [31m[1m[vite][22m[39m [31mhttp proxy error: /api/health[39m
AggregateError [ECONNREFUSED]: 
    at internalConnectMultiple (node:net:1142:49)
    at afterConnectMultiple (node:net:1723:7)
[2m9:07:45 pm[22m [31m[1m[vite][22m[39m [31mhttp proxy error: /api/health[39m
AggregateError [ECONNREFUSED]: 
    at internalConnectMultiple (node:net:1142:49)
    at afterConnectMultiple (node:net:1723:7)
[2m9:07:48 pm[22m [31m[1m[vite][22m[39m [31mhttp proxy error: /api/health[39m
AggregateError [ECONNREFUSED]: 
    at internalConnectMultiple (node:net:1142:49)
    at afterConnectMultiple (node:net:1723:7)
[2m9:07:51 pm[22m [31m[1m[vite][22m[39m [31mhttp proxy error: /api/health[39m
AggregateError [ECONNREFUSED]: 
    at internalConnectMultiple (node:net:1142:49)
    at afterConnectMultiple (node:net:1723:7)
[2m9:07:54 pm[22m [31m[1m[vite][22m[39m [31mhttp proxy error: /api/health[39m
AggregateError [ECONNREFUSED]: 
    at internalConnectMultiple (node:net:1142:49)
    at afterConnectMultiple (node:net:1723:7)
[2m9:07:57 pm[22m [31m[1m[vite][22m[39m [31mhttp proxy error: /api/health[39m
AggregateError [ECONNREFUSED]: 
    at internalConnectMultiple (node:net:1142:49)
    at afterConnectMultiple (node:net:1723:7)
[2m9:08:00 pm[22m [31m[1m[vite][22m[39m [31mhttp proxy error: /api/health[39m
AggregateError [ECONNREFUSED]: 
    at internalConnectMultiple (node:net:1142:49)
    at afterConnectMultiple (node:net:1723:7)
[2m9:08:03 pm[22m [31m[1m[vite][22m[39m [31mhttp proxy error: /api/health[39m
AggregateError [ECONNREFUSED]: 
    at internalConnectMultiple (node:net:1142:49)
    at afterConnectMultiple (node:net:1723:7)
[2m9:08:06 pm[22m [31m[1m[vite][22m[39m [31mhttp proxy error: /api/health[39m
AggregateError [ECONNREFUSED]: 
    at internalConnectMultiple (node:net:1142:49)
    at afterConnectMultiple (node:net:1723:7)
[2m9:08:09 pm[22m [31m[1m[vite][22m[39m [31mhttp proxy error: /api/health[39m
AggregateError [ECONNREFUSED]: 
    at internalConnectMultiple (node:net:1142:49)
    at afterConnectMultiple (node:net:1723:7)
[2m9:08:12 pm[22m [31m[1m[vite][22m[39m [31mhttp proxy error: /api/health[39m
AggregateError [ECONNREFUSED]: 
    at internalConnectMultiple (node:net:1142:49)
    at afterConnectMultiple (node:net:1723:7)
[2m9:08:15 pm[22m [31m[1m[vite][22m[39m [31mhttp proxy error: /api/health[39m
AggregateError [ECONNREFUSED]: 
    at internalConnectMultiple (node:net:1142:49)
    at afterConnectMultiple (node:net:1723:7)
[2m9:08:18 pm[22m [31m[1m[vite][22m[39m [31mhttp proxy error: /api/health[39m
AggregateError [ECONNREFUSED]: 
    at internalConnectMultiple (node:net:1142:49)
    at afterConnectMultiple (node:net:1723:7)
[2m9:08:21 pm[22m [31m[1m[vite][22m[39m [31mhttp proxy error: /api/health[39m
AggregateError [ECONNREFUSED]: 
    at internalConnectMultiple (node:net:1142:49)
    at afterConnectMultiple (node:net:1723:7)
[2m9:08:24 pm[22m [31m[1m[vite][22m[39m [31mhttp proxy error: /api/health[39m
AggregateError [ECONNREFUSED]: 
    at internalConnectMultiple (node:net:1142:49)
    at afterConnectMultiple (node:net:1723:7)
[2m9:08:27 pm[22m [31m[1m[vite][22m[39m [31mhttp proxy error: /api/health[39m
AggregateError [ECONNREFUSED]: 
    at internalConnectMultiple (node:net:1142:49)
    at afterConnectMultiple (node:net:1723:7)
[2m9:08:27 pm[22m [31m[1m[vite][22m[39m [31mhttp proxy error: /api/health[39m
AggregateError [ECONNREFUSED]: 
    at internalConnectMultiple (node:net:1142:49)
    at afterConnectMultiple (node:net:1723:7)
[2m9:08:30 pm[22m [31m[1m[vite][22m[39m [31mhttp proxy error: /api/health[39m
AggregateError [ECONNREFUSED]: 
    at internalConnectMultiple (node:net:1142:49)
    at afterConnectMultiple (node:net:1723:7)
[2m9:08:33 pm[22m [31m[1m[vite][22m[39m [31mhttp proxy error: /api/health[39m
AggregateError [ECONNREFUSED]: 
    at internalConnectMultiple (node:net:1142:49)
    at afterConnectMultiple (node:net:1723:7)
[2m9:08:36 pm[22m [31m[1m[vite][22m[39m [31mhttp proxy error: /api/health[39m
AggregateError [ECONNREFUSED]: 
    at internalConnectMultiple (node:net:1142:49)
    at afterConnectMultiple (node:net:1723:7)
[2m9:08:39 pm[22m [31m[1m[vite][22m[39m [31mhttp proxy error: /api/health[39m
AggregateError [ECONNREFUSED]: 
    at internalConnectMultiple (node:net:1142:49)
    at afterConnectMultiple (node:net:1723:7)
[2m9:08:42 pm[22m [31m[1m[vite][22m[39m [31mhttp proxy error: /api/health[39m
AggregateError [ECONNREFUSED]: 
    at internalConnectMultiple (node:net:1142:49)
    at afterConnectMultiple (node:net:1723:7)
[2m9:08:45 pm[22m [31m[1m[vite][22m[39m [31mhttp proxy error: /api/health[39m
AggregateError [ECONNREFUSED]: 
    at internalConnectMultiple (node:net:1142:49)
    at afterConnectMultiple (node:net:1723:7)
[2m9:08:48 pm[22m [31m[1m[vite][22m[39m [31mhttp proxy error: /api/health[39m
AggregateError [ECONNREFUSED]: 
    at internalConnectMultiple (node:net:1142:49)
    at afterConnectMultiple (node:net:1723:7)
[2m9:08:51 pm[22m [31m[1m[vite][22m[39m [31mhttp proxy error: /api/health[39m
AggregateError [ECONNREFUSED]: 
    at internalConnectMultiple (node:net:1142:49)
    at afterConnectMultiple (node:net:1723:7)
[2m9:08:54 pm[22m [31m[1m[vite][22m[39m [31mhttp proxy error: /api/health[39m
AggregateError [ECONNREFUSED]: 
    at internalConnectMultiple (node:net:1142:49)
    at afterConnectMultiple (node:net:1723:7)
[2m9:08:57 pm[22m [31m[1m[vite][22m[39m [31mhttp proxy error: /api/health[39m
AggregateError [ECONNREFUSED]: 
    at internalConnectMultiple (node:net:1142:49)
    at afterConnectMultiple (node:net:1723:7)
[2m9:09:00 pm[22m [31m[1m[vite][22m[39m [31mhttp proxy error: /api/health[39m
AggregateError [ECONNREFUSED]: 
    at internalConnectMultiple (node:net:1142:49)
    at afterConnectMultiple (node:net:1723:7)
[2m9:09:03 pm[22m [31m[1m[vite][22m[39m [31mhttp proxy error: /api/health[39m
AggregateError [ECONNREFUSED]: 
    at internalConnectMultiple (node:net:1142:49)
    at afterConnectMultiple (node:net:1723:7)
[2m9:09:06 pm[22m [31m[1m[vite][22m[39m [31mhttp proxy error: /api/health[39m
AggregateError [ECONNREFUSED]: 
    at internalConnectMultiple (node:net:1142:49)
    at afterConnectMultiple (node:net:1723:7)
[2m9:09:09 pm[22m [31m[1m[vite][22m[39m [31mhttp proxy error: /api/health[39m
AggregateError [ECONNREFUSED]: 
    at internalConnectMultiple (node:net:1142:49)
    at afterConnectMultiple (node:net:1723:7)
[2m9:09:12 pm[22m [31m[1m[vite][22m[39m [31mhttp proxy error: /api/health[39m
AggregateError [ECONNREFUSED]: 
    at internalConnectMultiple (node:net:1142:49)
    at afterConnectMultiple (node:net:1723:7)
[2m9:09:15 pm[22m [31m[1m[vite][22m[39m [31mhttp proxy error: /api/health[39m
AggregateError [ECONNREFUSED]: 
    at internalConnectMultiple (node:net:1142:49)
    at afterConnectMultiple (node:net:1723:7)
[2m9:09:18 pm[22m [31m[1m[vite][22m[39m [31mhttp proxy error: /api/health[39m
AggregateError [ECONNREFUSED]: 
    at internalConnectMultiple (node:net:1142:49)
    at afterConnectMultiple (node:net:1723:7)
[2m9:09:21 pm[22m [31m[1m[vite][22m[39m [31mhttp proxy error: /api/health[39m
AggregateError [ECONNREFUSED]: 
    at internalConnectMultiple (node:net:1142:49)
    at afterConnectMultiple (node:net:1723:7)
[2m9:09:24 pm[22m [31m[1m[vite][22m[39m [31mhttp proxy error: /api/health[39m
AggregateError [ECONNREFUSED]: 
    at internalConnectMultiple (node:net:1142:49)
    at afterConnectMultiple (node:net:1723:7)
[2m9:09:27 pm[22m [31m[1m[vite][22m[39m [31mhttp proxy error: /api/health[39m
AggregateError [ECONNREFUSED]: 
    at internalConnectMultiple (node:net:1142:49)
    at afterConnectMultiple (node:net:1723:7)
[2m9:09:27 pm[22m [31m[1m[vite][22m[39m [31mhttp proxy error: /api/health[39m
AggregateError [ECONNREFUSED]: 
    at internalConnectMultiple (node:net:1142:49)
    at afterConnectMultiple (node:net:1723:7)
[2m9:09:30 pm[22m [31m[1m[vite][22m[39m [31mhttp proxy error: /api/health[39m
AggregateError [ECONNREFUSED]: 
    at internalConnectMultiple (node:net:1142:49)
    at afterConnectMultiple (node:net:1723:7)
[2m9:09:33 pm[22m [31m[1m[vite][22m[39m [31mhttp proxy error: /api/health[39m
AggregateError [ECONNREFUSED]: 
    at internalConnectMultiple (node:net:1142:49)
    at afterConnectMultiple (node:net:1723:7)
[2m9:09:36 pm[22m [31m[1m[vite][22m[39m [31mhttp proxy error: /api/health[39m
AggregateError [ECONNREFUSED]: 
    at internalConnectMultiple (node:net:1142:49)
    at afterConnectMultiple (node:net:1723:7)
[2m9:09:39 pm[22m [31m[1m[vite][22m[39m [31mhttp proxy error: /api/health[39m
AggregateError [ECONNREFUSED]: 
    at internalConnectMultiple (node:net:1142:49)
    at afterConnectMultiple (node:net:1723:7)
[2m9:09:42 pm[22m [31m[1m[vite][22m[39m [31mhttp proxy error: /api/health[39m
AggregateError [ECONNREFUSED]: 
    at internalConnectMultiple (node:net:1142:49)
    at afterConnectMultiple (node:net:1723:7)
[2m9:09:45 pm[22m [31m[1m[vite][22m[39m [31mhttp proxy error: /api/health[39m
AggregateError [ECONNREFUSED]: 
    at internalConnectMultiple (node:net:1142:49)
    at afterConnectMultiple (node:net:1723:7)
[2m9:09:48 pm[22m [31m[1m[vite][22m[39m [31mhttp proxy error: /api/health[39m
AggregateError [ECONNREFUSED]: 
    at internalConnectMultiple (node:net:1142:49)
    at afterConnectMultiple (node:net:1723:7)
[2m9:09:51 pm[22m [31m[1m[vite][22m[39m [31mhttp proxy error: /api/health[39m
AggregateError [ECONNREFUSED]: 
    at internalConnectMultiple (node:net:1142:49)
    at afterConnectMultiple (node:net:1723:7)
[2m9:09:54 pm[22m [31m[1m[vite][22m[39m [31mhttp proxy error: /api/health[39m
AggregateError [ECONNREFUSED]: 
    at internalConnectMultiple (node:net:1142:49)
    at afterConnectMultiple (node:net:1723:7)
[2m9:09:57 pm[22m [31m[1m[vite][22m[39m [31mhttp proxy error: /api/health[39m
AggregateError [ECONNREFUSED]: 
    at internalConnectMultiple (node:net:1142:49)
    at afterConnectMultiple (node:net:1723:7)
[2m9:10:00 pm[22m [31m[1m[vite][22m[39m [31mhttp proxy error: /api/health[39m
AggregateError [ECONNREFUSED]: 
    at internalConnectMultiple (node:net:1142:49)
    at afterConnectMultiple (node:net:1723:7)
[2m9:10:03 pm[22m [31m[1m[vite][22m[39m [31mhttp proxy error: /api/health[39m
AggregateError [ECONNREFUSED]: 
    at internalConnectMultiple (node:net:1142:49)
    at afterConnectMultiple (node:net:1723:7)
[2m9:10:06 pm[22m [31m[1m[vite][22m[39m [31mhttp proxy error: /api/health[39m
AggregateError [ECONNREFUSED]: 
    at internalConnectMultiple (node:net:1142:49)
    at afterConnectMultiple (node:net:1723:7)
[2m9:10:09 pm[22m [31m[1m[vite][22m[39m [31mhttp proxy error: /api/health[39m
AggregateError [ECONNREFUSED]: 
    at internalConnectMultiple (node:net:1142:49)
    at afterConnectMultiple (node:net:1723:7)
[2m9:10:11 pm[22m [31m[1m[vite][22m[39m [31mhttp proxy error: /api/health[39m
AggregateError [ECONNREFUSED]: 
    at internalConnectMultiple (node:net:1142:49)
    at afterConnectMultiple (node:net:1723:7)
[2m9:10:12 pm[22m [31m[1m[vite][22m[39m [31mhttp proxy error: /api/health[39m
AggregateError [ECONNREFUSED]: 
    at internalConnectMultiple (node:net:1142:49)
    at afterConnectMultiple (node:net:1723:7)
[2m9:10:12 pm[22m [31m[1m[vite][22m[39m [31mhttp proxy error: /api/health[39m
AggregateError [ECONNREFUSED]: 
    at internalConnectMultiple (node:net:1142:49)
    at afterConnectMultiple (node:net:1723:7)
[2m9:10:15 pm[22m [31m[1m[vite][22m[39m [31mhttp proxy error: /api/health[39m
AggregateError [ECONNREFUSED]: 
    at internalConnectMultiple (node:net:1142:49)
    at afterConnectMultiple (node:net:1723:7)
[2m9:10:15 pm[22m [31m[1m[vite][22m[39m [31mhttp proxy error: /api/health[39m
AggregateError [ECONNREFUSED]: 
    at internalConnectMultiple (node:net:1142:49)
    at afterConnectMultiple (node:net:1723:7)
[2m9:10:18 pm[22m [31m[1m[vite][22m[39m [31mhttp proxy error: /api/health[39m
AggregateError [ECONNREFUSED]: 
    at internalConnectMultiple (node:net:1142:49)
    at afterConnectMultiple (node:net:1723:7)
[2m9:10:21 pm[22m [31m[1m[vite][22m[39m [31mhttp proxy error: /api/health[39m
AggregateError [ECONNREFUSED]: 
    at internalConnectMultiple (node:net:1142:49)
    at afterConnectMultiple (node:net:1723:7)
[2m9:10:24 pm[22m [31m[1m[vite][22m[39m [31mhttp proxy error: /api/health[39m
AggregateError [ECONNREFUSED]: 
    at internalConnectMultiple (node:net:1142:49)
    at afterConnectMultiple (node:net:1723:7)
[2m9:10:27 pm[22m [31m[1m[vite][22m[39m [31mhttp proxy error: /api/health[39m
AggregateError [ECONNREFUSED]: 
    at internalConnectMultiple (node:net:1142:49)
    at afterConnectMultiple (node:net:1723:7)
[2m9:10:30 pm[22m [31m[1m[vite][22m[39m [31mhttp proxy error: /api/health[39m
AggregateError [ECONNREFUSED]: 
    at internalConnectMultiple (node:net:1142:49)
    at afterConnectMultiple (node:net:1723:7)
[2m9:10:33 pm[22m [31m[1m[vite][22m[39m [31mhttp proxy error: /api/health[39m
AggregateError [ECONNREFUSED]: 
    at internalConnectMultiple (node:net:1142:49)
    at afterConnectMultiple (node:net:1723:7)
[2m9:10:36 pm[22m [31m[1m[vite][22m[39m [31mhttp proxy error: /api/health[39m
AggregateError [ECONNREFUSED]: 
    at internalConnectMultiple (node:net:1142:49)
    at afterConnectMultiple (node:net:1723:7)
[2m9:10:39 pm[22m [31m[1m[vite][22m[39m [31mhttp proxy error: /api/health[39m
AggregateError [ECONNREFUSED]: 
    at internalConnectMultiple (node:net:1142:49)
    at afterConnectMultiple (node:net:1723:7)
[2m9:10:42 pm[22m [31m[1m[vite][22m[39m [31mhttp proxy error: /api/health[39m
AggregateError [ECONNREFUSED]: 
    at internalConnectMultiple (node:net:1142:49)
    at afterConnectMultiple (node:net:1723:7)
[2m9:10:45 pm[22m [31m[1m[vite][22m[39m [31mhttp proxy error: /api/health[39m
AggregateError [ECONNREFUSED]: 
    at internalConnectMultiple (node:net:1142:49)
    at afterConnectMultiple (node:net:1723:7)
[2m9:10:48 pm[22m [31m[1m[vite][22m[39m [31mhttp proxy error: /api/health[39m
AggregateError [ECONNREFUSED]: 
    at internalConnectMultiple (node:net:1142:49)
    at afterConnectMultiple (node:net:1723:7)
[2m9:10:51 pm[22m [31m[1m[vite][22m[39m [31mhttp proxy error: /api/health[39m
AggregateError [ECONNREFUSED]: 
    at internalConnectMultiple (node:net:1142:49)
    at afterConnectMultiple (node:net:1723:7)
[2m9:10:54 pm[22m [31m[1m[vite][22m[39m [31mhttp proxy error: /api/health[39m
AggregateError [ECONNREFUSED]: 
    at internalConnectMultiple (node:net:1142:49)
    at afterConnectMultiple (node:net:1723:7)
[2m9:10:57 pm[22m [31m[1m[vite][22m[39m [31mhttp proxy error: /api/health[39m
AggregateError [ECONNREFUSED]: 
    at internalConnectMultiple (node:net:1142:49)
    at afterConnectMultiple (node:net:1723:7)
[2m9:11:00 pm[22m [31m[1m[vite][22m[39m [31mhttp proxy error: /api/health[39m
AggregateError [ECONNREFUSED]: 
    at internalConnectMultiple (node:net:1142:49)
    at afterConnectMultiple (node:net:1723:7)
[2m9:11:03 pm[22m [31m[1m[vite][22m[39m [31mhttp proxy error: /api/health[39m
AggregateError [ECONNREFUSED]: 
    at internalConnectMultiple (node:net:1142:49)
    at afterConnectMultiple (node:net:1723:7)
[2m9:11:06 pm[22m [31m[1m[vite][22m[39m [31mhttp proxy error: /api/health[39m
AggregateError [ECONNREFUSED]: 
    at internalConnectMultiple (node:net:1142:49)
    at afterConnectMultiple (node:net:1723:7)
[2m9:11:09 pm[22m [31m[1m[vite][22m[39m [31mhttp proxy error: /api/health[39m
AggregateError [ECONNREFUSED]: 
    at internalConnectMultiple (node:net:1142:49)
    at afterConnectMultiple (node:net:1723:7)
[2m9:11:12 pm[22m [31m[1m[vite][22m[39m [31mhttp proxy error: /api/health[39m
AggregateError [ECONNREFUSED]: 
    at internalConnectMultiple (node:net:1142:49)
    at afterConnectMultiple (node:net:1723:7)
[2m9:11:15 pm[22m [31m[1m[vite][22m[39m [31mhttp proxy error: /api/health[39m
AggregateError [ECONNREFUSED]: 
    at internalConnectMultiple (node:net:1142:49)
    at afterConnectMultiple (node:net:1723:7)
[2m9:11:18 pm[22m [31m[1m[vite][22m[39m [31mhttp proxy error: /api/health[39m
AggregateError [ECONNREFUSED]: 
    at internalConnectMultiple (node:net:1142:49)
    at afterConnectMultiple (node:net:1723:7)
[2m9:11:21 pm[22m [31m[1m[vite][22m[39m [31mhttp proxy error: /api/health[39m
AggregateError [ECONNREFUSED]: 
    at internalConnectMultiple (node:net:1142:49)
    at afterConnectMultiple (node:net:1723:7)
[2m9:11:24 pm[22m [31m[1m[vite][22m[39m [31mhttp proxy error: /api/health[39m
AggregateError [ECONNREFUSED]: 
    at internalConnectMultiple (node:net:1142:49)
    at afterConnectMultiple (node:net:1723:7)
[2m9:11:27 pm[22m [31m[1m[vite][22m[39m [31mhttp proxy error: /api/health[39m
AggregateError [ECONNREFUSED]: 
    at internalConnectMultiple (node:net:1142:49)
    at afterConnectMultiple (node:net:1723:7)
[2m9:11:30 pm[22m [31m[1m[vite][22m[39m [31mhttp proxy error: /api/health[39m
AggregateError [ECONNREFUSED]: 
    at internalConnectMultiple (node:net:1142:49)
    at afterConnectMultiple (node:net:1723:7)
[2m9:11:33 pm[22m [31m[1m[vite][22m[39m [31mhttp proxy error: /api/health[39m
AggregateError [ECONNREFUSED]: 
    at internalConnectMultiple (node:net:1142:49)
    at afterConnectMultiple (node:net:1723:7)
[2m9:11:36 pm[22m [31m[1m[vite][22m[39m [31mhttp proxy error: /api/health[39m
AggregateError [ECONNREFUSED]: 
    at internalConnectMultiple (node:net:1142:49)
    at afterConnectMultiple (node:net:1723:7)
[2m9:11:39 pm[22m [31m[1m[vite][22m[39m [31mhttp proxy error: /api/health[39m
AggregateError [ECONNREFUSED]: 
    at internalConnectMultiple (node:net:1142:49)
    at afterConnectMultiple (node:net:1723:7)
[2m9:11:42 pm[22m [31m[1m[vite][22m[39m [31mhttp proxy error: /api/health[39m
AggregateError [ECONNREFUSED]: 
    at internalConnectMultiple (node:net:1142:49)
    at afterConnectMultiple (node:net:1723:7)
[2m9:11:45 pm[22m [31m[1m[vite][22m[39m [31mhttp proxy error: /api/health[39m
AggregateError [ECONNREFUSED]: 
    at internalConnectMultiple (node:net:1142:49)
    at afterConnectMultiple (node:net:1723:7)
[2m9:11:48 pm[22m [31m[1m[vite][22m[39m [31mhttp proxy error: /api/health[39m
AggregateError [ECONNREFUSED]: 
    at internalConnectMultiple (node:net:1142:49)
    at afterConnectMultiple (node:net:1723:7)
[2m9:11:51 pm[22m [31m[1m[vite][22m[39m [31mhttp proxy error: /api/health[39m
AggregateError [ECONNREFUSED]: 
    at internalConnectMultiple (node:net:1142:49)
    at afterConnectMultiple (node:net:1723:7)
^C